// Jest Snapshot v1, https://goo.gl/fbAQLP

exports[`Login Page should render 1`] = `
ShallowWrapper {
  Symbol(enzyme.__root__): [Circular],
  Symbol(enzyme.__unrendered__): <LoginPage />,
  Symbol(enzyme.__renderer__): Object {
    "batchedUpdates": [Function],
    "getNode": [Function],
    "render": [Function],
    "simulateError": [Function],
    "simulateEvent": [Function],
    "unmount": [Function],
  },
  Symbol(enzyme.__node__): Object {
    "instance": null,
    "key": undefined,
    "nodeType": "host",
    "props": Object {
      "children": Array [
        <Blueprint3.Card
          className="login-card"
          elevation={2}
          interactive={false}
>
          <Unknown>
                    Welcome to Clubly!
          </Unknown>
          <br />
          <form
                    onSubmit={[Function]}
          >
                    <Blueprint3.ControlGroup
                              vertical={true}
                    >
                              <Blueprint3.InputGroup
                                        large={true}
                                        onChange={[Function]}
                                        placeholder="Email"
                                        type="email"
                              />
                              <Blueprint3.InputGroup
                                        large={true}
                                        onChange={[Function]}
                                        placeholder="Password"
                                        type="password"
                              />
                              <Blueprint3.Button
                                        icon="arrow-right"
                                        large={true}
                                        text="Login"
                                        type="submit"
                              />
                    </Blueprint3.ControlGroup>
          </form>
          <br />
          <Blueprint3.Text>
                    <a>
                              Don't have an account?
                    </a>
          </Blueprint3.Text>
</Blueprint3.Card>,
        null,
      ],
      "className": "login",
      "style": Object {
        "height": 768,
        "width": 1024,
      },
    },
    "ref": null,
    "rendered": Array [
      Object {
        "instance": null,
        "key": undefined,
        "nodeType": "class",
        "props": Object {
          "children": Array [
            <Unknown>
              Welcome to Clubly!
</Unknown>,
            <br />,
            <form
              onSubmit={[Function]}
>
              <Blueprint3.ControlGroup
                            vertical={true}
              >
                            <Blueprint3.InputGroup
                                          large={true}
                                          onChange={[Function]}
                                          placeholder="Email"
                                          type="email"
                            />
                            <Blueprint3.InputGroup
                                          large={true}
                                          onChange={[Function]}
                                          placeholder="Password"
                                          type="password"
                            />
                            <Blueprint3.Button
                                          icon="arrow-right"
                                          large={true}
                                          text="Login"
                                          type="submit"
                            />
              </Blueprint3.ControlGroup>
</form>,
            <br />,
            <Blueprint3.Text>
              <a>
                            Don't have an account?
              </a>
</Blueprint3.Text>,
          ],
          "className": "login-card",
          "elevation": 2,
          "interactive": false,
        },
        "ref": null,
        "rendered": Array [
          Object {
            "instance": null,
            "key": undefined,
            "nodeType": "function",
            "props": Object {
              "children": "Welcome to Clubly!",
            },
            "ref": null,
            "rendered": "Welcome to Clubly!",
            "type": [Function],
          },
          Object {
            "instance": null,
            "key": undefined,
            "nodeType": "host",
            "props": Object {},
            "ref": null,
            "rendered": null,
            "type": "br",
          },
          Object {
            "instance": null,
            "key": undefined,
            "nodeType": "host",
            "props": Object {
              "children": <Blueprint3.ControlGroup
                vertical={true}
>
                <Blueprint3.InputGroup
                                large={true}
                                onChange={[Function]}
                                placeholder="Email"
                                type="email"
                />
                <Blueprint3.InputGroup
                                large={true}
                                onChange={[Function]}
                                placeholder="Password"
                                type="password"
                />
                <Blueprint3.Button
                                icon="arrow-right"
                                large={true}
                                text="Login"
                                type="submit"
                />
</Blueprint3.ControlGroup>,
              "onSubmit": [Function],
            },
            "ref": null,
            "rendered": Object {
              "instance": null,
              "key": undefined,
              "nodeType": "class",
              "props": Object {
                "children": Array [
                  <Blueprint3.InputGroup
                    large={true}
                    onChange={[Function]}
                    placeholder="Email"
                    type="email"
/>,
                  <Blueprint3.InputGroup
                    large={true}
                    onChange={[Function]}
                    placeholder="Password"
                    type="password"
/>,
                  <Blueprint3.Button
                    icon="arrow-right"
                    large={true}
                    text="Login"
                    type="submit"
/>,
                ],
                "vertical": true,
              },
              "ref": null,
              "rendered": Array [
                Object {
                  "instance": null,
                  "key": undefined,
                  "nodeType": "class",
                  "props": Object {
                    "large": true,
                    "onChange": [Function],
                    "placeholder": "Email",
                    "type": "email",
                  },
                  "ref": null,
                  "rendered": null,
                  "type": [Function],
                },
                Object {
                  "instance": null,
                  "key": undefined,
                  "nodeType": "class",
                  "props": Object {
                    "large": true,
                    "onChange": [Function],
                    "placeholder": "Password",
                    "type": "password",
                  },
                  "ref": null,
                  "rendered": null,
                  "type": [Function],
                },
                Object {
                  "instance": null,
                  "key": undefined,
                  "nodeType": "class",
                  "props": Object {
                    "icon": "arrow-right",
                    "large": true,
                    "text": "Login",
                    "type": "submit",
                  },
                  "ref": null,
                  "rendered": null,
                  "type": [Function],
                },
              ],
              "type": [Function],
            },
            "type": "form",
          },
          Object {
            "instance": null,
            "key": undefined,
            "nodeType": "host",
            "props": Object {},
            "ref": null,
            "rendered": null,
            "type": "br",
          },
          Object {
            "instance": null,
            "key": undefined,
            "nodeType": "class",
            "props": Object {
              "children": <a>
                Don't have an account?
</a>,
            },
            "ref": null,
            "rendered": Object {
              "instance": null,
              "key": undefined,
              "nodeType": "host",
              "props": Object {
                "children": "Don't have an account?",
              },
              "ref": null,
              "rendered": "Don't have an account?",
              "type": "a",
            },
            "type": [Function],
          },
        ],
        "type": [Function],
      },
      null,
    ],
    "type": "div",
  },
  Symbol(enzyme.__nodes__): Array [
    Object {
      "instance": null,
      "key": undefined,
      "nodeType": "host",
      "props": Object {
        "children": Array [
          <Blueprint3.Card
            className="login-card"
            elevation={2}
            interactive={false}
>
            <Unknown>
                        Welcome to Clubly!
            </Unknown>
            <br />
            <form
                        onSubmit={[Function]}
            >
                        <Blueprint3.ControlGroup
                                    vertical={true}
                        >
                                    <Blueprint3.InputGroup
                                                large={true}
                                                onChange={[Function]}
                                                placeholder="Email"
                                                type="email"
                                    />
                                    <Blueprint3.InputGroup
                                                large={true}
                                                onChange={[Function]}
                                                placeholder="Password"
                                                type="password"
                                    />
                                    <Blueprint3.Button
                                                icon="arrow-right"
                                                large={true}
                                                text="Login"
                                                type="submit"
                                    />
                        </Blueprint3.ControlGroup>
            </form>
            <br />
            <Blueprint3.Text>
                        <a>
                                    Don't have an account?
                        </a>
            </Blueprint3.Text>
</Blueprint3.Card>,
          null,
        ],
        "className": "login",
        "style": Object {
          "height": 768,
          "width": 1024,
        },
      },
      "ref": null,
      "rendered": Array [
        Object {
          "instance": null,
          "key": undefined,
          "nodeType": "class",
          "props": Object {
            "children": Array [
              <Unknown>
                Welcome to Clubly!
</Unknown>,
              <br />,
              <form
                onSubmit={[Function]}
>
                <Blueprint3.ControlGroup
                                vertical={true}
                >
                                <Blueprint3.InputGroup
                                                large={true}
                                                onChange={[Function]}
                                                placeholder="Email"
                                                type="email"
                                />
                                <Blueprint3.InputGroup
                                                large={true}
                                                onChange={[Function]}
                                                placeholder="Password"
                                                type="password"
                                />
                                <Blueprint3.Button
                                                icon="arrow-right"
                                                large={true}
                                                text="Login"
                                                type="submit"
                                />
                </Blueprint3.ControlGroup>
</form>,
              <br />,
              <Blueprint3.Text>
                <a>
                                Don't have an account?
                </a>
</Blueprint3.Text>,
            ],
            "className": "login-card",
            "elevation": 2,
            "interactive": false,
          },
          "ref": null,
          "rendered": Array [
            Object {
              "instance": null,
              "key": undefined,
              "nodeType": "function",
              "props": Object {
                "children": "Welcome to Clubly!",
              },
              "ref": null,
              "rendered": "Welcome to Clubly!",
              "type": [Function],
            },
            Object {
              "instance": null,
              "key": undefined,
              "nodeType": "host",
              "props": Object {},
              "ref": null,
              "rendered": null,
              "type": "br",
            },
            Object {
              "instance": null,
              "key": undefined,
              "nodeType": "host",
              "props": Object {
                "children": <Blueprint3.ControlGroup
                  vertical={true}
>
                  <Blueprint3.InputGroup
                                    large={true}
                                    onChange={[Function]}
                                    placeholder="Email"
                                    type="email"
                  />
                  <Blueprint3.InputGroup
                                    large={true}
                                    onChange={[Function]}
                                    placeholder="Password"
                                    type="password"
                  />
                  <Blueprint3.Button
                                    icon="arrow-right"
                                    large={true}
                                    text="Login"
                                    type="submit"
                  />
</Blueprint3.ControlGroup>,
                "onSubmit": [Function],
              },
              "ref": null,
              "rendered": Object {
                "instance": null,
                "key": undefined,
                "nodeType": "class",
                "props": Object {
                  "children": Array [
                    <Blueprint3.InputGroup
                      large={true}
                      onChange={[Function]}
                      placeholder="Email"
                      type="email"
/>,
                    <Blueprint3.InputGroup
                      large={true}
                      onChange={[Function]}
                      placeholder="Password"
                      type="password"
/>,
                    <Blueprint3.Button
                      icon="arrow-right"
                      large={true}
                      text="Login"
                      type="submit"
/>,
                  ],
                  "vertical": true,
                },
                "ref": null,
                "rendered": Array [
                  Object {
                    "instance": null,
                    "key": undefined,
                    "nodeType": "class",
                    "props": Object {
                      "large": true,
                      "onChange": [Function],
                      "placeholder": "Email",
                      "type": "email",
                    },
                    "ref": null,
                    "rendered": null,
                    "type": [Function],
                  },
                  Object {
                    "instance": null,
                    "key": undefined,
                    "nodeType": "class",
                    "props": Object {
                      "large": true,
                      "onChange": [Function],
                      "placeholder": "Password",
                      "type": "password",
                    },
                    "ref": null,
                    "rendered": null,
                    "type": [Function],
                  },
                  Object {
                    "instance": null,
                    "key": undefined,
                    "nodeType": "class",
                    "props": Object {
                      "icon": "arrow-right",
                      "large": true,
                      "text": "Login",
                      "type": "submit",
                    },
                    "ref": null,
                    "rendered": null,
                    "type": [Function],
                  },
                ],
                "type": [Function],
              },
              "type": "form",
            },
            Object {
              "instance": null,
              "key": undefined,
              "nodeType": "host",
              "props": Object {},
              "ref": null,
              "rendered": null,
              "type": "br",
            },
            Object {
              "instance": null,
              "key": undefined,
              "nodeType": "class",
              "props": Object {
                "children": <a>
                  Don't have an account?
</a>,
              },
              "ref": null,
              "rendered": Object {
                "instance": null,
                "key": undefined,
                "nodeType": "host",
                "props": Object {
                  "children": "Don't have an account?",
                },
                "ref": null,
                "rendered": "Don't have an account?",
                "type": "a",
              },
              "type": [Function],
            },
          ],
          "type": [Function],
        },
        null,
      ],
      "type": "div",
    },
  ],
  Symbol(enzyme.__options__): Object {
    "adapter": ReactSixteenAdapter {
      "options": Object {
        "enableComponentDidUpdateOnSetState": true,
        "lifecycles": Object {
          "componentDidUpdate": Object {
            "onSetState": true,
          },
          "getDerivedStateFromProps": true,
          "getSnapshotBeforeUpdate": true,
          "setState": Object {
            "skipsComponentDidUpdateOnNullish": true,
          },
        },
      },
    },
  },
}
`;
