// Jest Snapshot v1, https://goo.gl/fbAQLP

exports[`Event Page should render 1`] = `
<div
  className="event-short"
>
  <div
    className="bp3-card bp3-elevation-0"
  >
    <a
      href="/event"
      onClick={[Function]}
    >
      <h4
        className="bp3-heading"
      >
        Resume panel
      </h4>
    </a>
    <p
      className="bp3-text-overflow-ellipsis"
      title={undefined}
    >
      Come get tips and ask questions about resumes and cover letters. Representatives from Advance Auto Parts and RepublicWireless will be there to answer questions and look over resumes, as well as Leslie Rand-Pickett from the CSC graduate career services
    </p>
    <div>
      Monday, December 24, 10:33 AM
    </div>
    <div>
      <a
        href="https://www.google.com/maps/search/?api=1&query=Daniels%20Hall"
        target="_blank"
      >
        <span
          className="bp3-icon bp3-icon-locate"
          icon="locate"
        >
          <svg
            data-icon="locate"
            fill={undefined}
            height={16}
            viewBox="0 0 16 16"
            width={16}
          >
            <desc>
              locate
            </desc>
            <path
              d="M15 7h-.09A6.98 6.98 0 0 0 9 1.1V1c0-.55-.45-1-1-1S7 .45 7 1v.09A6.98 6.98 0 0 0 1.1 7H1c-.55 0-1 .45-1 1s.45 1 1 1h.1A6.969 6.969 0 0 0 7 14.91V15c0 .55.45 1 1 1s1-.45 1-1v-.09A6.98 6.98 0 0 0 14.9 9h.1c.55 0 1-.45 1-1s-.45-1-1-1zm-6.02 5.9c-.05-.5-.46-.9-.98-.9s-.93.4-.98.9A5.017 5.017 0 0 1 3.1 8.98c.5-.05.9-.46.9-.98s-.4-.93-.9-.98A5.017 5.017 0 0 1 7.02 3.1c.05.5.46.9.98.9s.93-.4.98-.9c1.97.39 3.52 1.95 3.92 3.92-.5.05-.9.46-.9.98s.4.93.9.98a5.017 5.017 0 0 1-3.92 3.92zM8 6c-1.1 0-2 .9-2 2s.9 2 2 2 2-.9 2-2-.9-2-2-2z"
              fillRule="evenodd"
            />
          </svg>
        </span>
      </a>
      Daniels Hall
    </div>
    <br />
    <span
      className="org-tags"
    >
      <a
        href="/search"
        onClick={[Function]}
      >
        <span
          className="bp3-tag .modifier"
        >
          Technology
        </span>
      </a>
    </span>
    <span
      className="org-tags"
    >
      <a
        href="/search"
        onClick={[Function]}
      >
        <span
          className="bp3-tag .modifier"
        >
          Panel
        </span>
      </a>
    </span>
  </div>
  <br />
</div>
`;
