// Jest Snapshot v1, https://goo.gl/fbAQLP

exports[`Calendar Page should render 1`] = `
<div>
  <h1>
    CALENDAR
  </h1>
</div>
`;
