// Jest Snapshot v1, https://goo.gl/fbAQLP

exports[`Search Page should render 1`] = `
<h1>
  Search!!
</h1>
`;
