// Jest Snapshot v1, https://goo.gl/fbAQLP

exports[`Admin Management Page should render 1`] = `
<div
  className="event-management"
>
  <h1>
    Organizations
  </h1>
  <button
    className="bp3-button"
    disabled={undefined}
    onClick={[Function]}
    onKeyDown={[Function]}
    onKeyUp={[Function]}
    tabIndex={undefined}
    type="button"
  >
    <span
      className="bp3-icon bp3-icon-plus"
      icon="plus"
    >
      <svg
        data-icon="plus"
        fill={undefined}
        height={16}
        viewBox="0 0 16 16"
        width={16}
      >
        <desc>
          plus
        </desc>
        <path
          d="M13 7H9V3c0-.55-.45-1-1-1s-1 .45-1 1v4H3c-.55 0-1 .45-1 1s.45 1 1 1h4v4c0 .55.45 1 1 1s1-.45 1-1V9h4c.55 0 1-.45 1-1s-.45-1-1-1z"
          fillRule="evenodd"
        />
      </svg>
    </span>
    <span
      className="bp3-button-text"
    >
       Add New Organization 
    </span>
  </button>
  <div
    className="image-gallery"
  >
    <div
      className="gallery-item"
    >
      <img
        alt="Women in Computer Science"
        onClick={[Function]}
        src="https://picsum.photos/300/200/?random"
      />
      <div
        className="description"
      >
        Women in Computer Science
      </div>
    </div>
  </div>
  <div
    className="image-gallery"
  >
    <div
      className="gallery-item"
    >
      <img
        alt="Beekeeping Club"
        onClick={[Function]}
        src="https://picsum.photos/300/200/?random"
      />
      <div
        className="description"
      >
        Beekeeping Club
      </div>
    </div>
  </div>
</div>
`;
