// Jest Snapshot v1, https://goo.gl/fbAQLP

exports[`Profile Page should render 1`] = `
<div
  className="profile"
>
  <div
    className="row"
  >
    <img
      alt="Avatar"
      className="profile-image"
      src="https://www.ienglishstatus.com/wp-content/uploads/2018/04/Sad-Profile-Pic-for-Whatsapp.png"
    />
    <div
      className="profile-info"
    >
      <h2>
        ANASTASIA EGOROVA | 
        aegorov@ncsu.edu
         
        <button
          className="bp3-button"
          disabled={undefined}
          onClick={undefined}
          onKeyDown={[Function]}
          onKeyUp={[Function]}
          tabIndex={undefined}
          type="button"
        >
          <span
            className="bp3-icon bp3-icon-cog"
            icon="cog"
          >
            <svg
              data-icon="cog"
              fill={undefined}
              height={16}
              viewBox="0 0 16 16"
              width={16}
            >
              <desc>
                cog
              </desc>
              <path
                d="M15.19 6.39h-1.85c-.11-.37-.27-.71-.45-1.04l1.36-1.36c.31-.31.31-.82 0-1.13l-1.13-1.13a.803.803 0 0 0-1.13 0l-1.36 1.36c-.33-.17-.67-.33-1.04-.44V.79c0-.44-.36-.8-.8-.8h-1.6c-.44 0-.8.36-.8.8v1.86c-.39.12-.75.28-1.1.47l-1.3-1.3c-.3-.3-.79-.3-1.09 0L1.82 2.91c-.3.3-.3.79 0 1.09l1.3 1.3c-.2.34-.36.7-.48 1.09H.79c-.44 0-.8.36-.8.8v1.6c0 .44.36.8.8.8h1.85c.11.37.27.71.45 1.04l-1.36 1.36c-.31.31-.31.82 0 1.13l1.13 1.13c.31.31.82.31 1.13 0l1.36-1.36c.33.18.67.33 1.04.44v1.86c0 .44.36.8.8.8h1.6c.44 0 .8-.36.8-.8v-1.86c.39-.12.75-.28 1.1-.47l1.3 1.3c.3.3.79.3 1.09 0l1.09-1.09c.3-.3.3-.79 0-1.09l-1.3-1.3c.19-.35.36-.71.48-1.1h1.85c.44 0 .8-.36.8-.8v-1.6a.816.816 0 0 0-.81-.79zm-7.2 4.6c-1.66 0-3-1.34-3-3s1.34-3 3-3 3 1.34 3 3-1.34 3-3 3z"
                fillRule="evenodd"
              />
            </svg>
          </span>
        </button>
         
      </h2>
      <p>
        COMPUTER SCIENCE | DEC 2018
      </p>
      <p>
        TAGS: Technology, Women, Music 
      </p>
    </div>
  </div>
  <div
    className="row"
  >
    <div
      className="half-row"
    >
      <h2>
        FOLLOWED CLUBS
      </h2>
      <ul>
        <li>
          Women's Soccer
        </li>
        <li>
          Women in Computer Science
        </li>
        <li>
          Bee Keeping Club
        </li>
      </ul>
    </div>
    <div>
      <h2>
        MANAGED CLUBS
      </h2>
      <ul>
        <li>
          Women in Computer Science
        </li>
      </ul>
    </div>
  </div>
  <div
    className="row"
  >
    <div
      className="profile-activity"
    >
      <h2>
        ACTIVITY FEED
      </h2>
    </div>
  </div>
</div>
`;
